../Core/Src/BMSlib.c:25:6:SPItransfer	16	static
../Core/Src/BMSlib.c:32:6:SPItransferReceive	32	static
../Core/Src/BMSlib.c:39:6:SPItransferDMA	16	static
../Core/Src/BMSlib.c:44:6:SPItransferReceiveDMA	24	static
../Core/Src/BMSlib.c:50:6:HAL_SPI_TxCpltCallback	16	static
../Core/Src/BMSlib.c:55:6:HAL_SPI_TxRxCpltCallback	16	static
../Core/Src/BMSlib.c:61:6:print_msg	16	static
../Core/Src/BMSlib.c:65:6:print_buffer	120	static
../Core/Src/BMSlib.c:74:6:adcvsc	8	static
../Core/Src/BMSlib.c:78:6:adcv	8	static
../Core/Src/BMSlib.c:82:6:rdstatb	40	static
../Core/Src/BMSlib.c:102:6:rdcfg	32	static
../Core/Src/BMSlib.c:114:6:wrcfg	40	static
../Core/Src/BMSlib.c:140:6:rdvab	168	static
../Core/Src/BMSlib.c:178:6:clearcellreg	8	static
../Core/Src/BMSlib.c:182:9:checkPEC	144	static
../Core/Src/BMSlib.c:200:6:dischargeCellX	32	static
../Core/Src/BMSlib.c:225:6:dataCollection	16	static
