../Core/Src/main.c:105:7:Get_Voltage	32	static
../Core/Src/main.c:139:7:Get_Current	32	static
../Core/Src/main.c:158:7:Get_Temperature	32	static
../Core/Src/main.c:181:6:Enable	16	static
../Core/Src/main.c:190:5:main	120	static
../Core/Src/main.c:259:6:SystemClock_Config	88	static
../Core/Src/main.c:310:13:MX_ADC1_Init	24	static
../Core/Src/main.c:389:13:MX_ADC2_Init	24	static
../Core/Src/main.c:468:13:MX_ADC3_Init	24	static
../Core/Src/main.c:529:13:MX_ETH_Init	8	static
../Core/Src/main.c:578:13:MX_SPI3_Init	8	static
../Core/Src/main.c:618:13:MX_TIM1_Init	40	static
../Core/Src/main.c:665:13:MX_USART3_UART_Init	8	static
../Core/Src/main.c:700:13:MX_USB_OTG_FS_PCD_Init	8	static
../Core/Src/main.c:733:13:MX_DMA_Init	16	static
../Core/Src/main.c:761:13:MX_GPIO_Init	64	static
../Core/Src/main.c:869:6:Error_Handler	4	static,ignoring_inline_asm
